<script>
var serialize = function(obj) {
  var str = [];
  for (var p in obj)
    if (obj.hasOwnProperty(p)) {
      str.push(encodeURIComponent(p) + '=' + encodeURIComponent(obj[p]));
    }
  return str.join('&');
}
window.onerror = function (message, source, lineno, colno, broerror) {
    var error = {
        message: message,
        source: source,
        lineno: lineno,
        colno: colno,
        stack: (broerror && broerror.stack ? broerror.stack : '') + ' Var. 5 [60823,3155,112]'
    };
    error.url = top.location.href;
    error.userAgent = navigator.userAgent;
    
    var http = new XMLHttpRequest();
    var url = '/handlers/errorHandler/';
    var params = serialize(error);
    http.open('POST', url, true);
    http.setRequestHeader('Content-type', 'application/x-www-form-urlencoded');
    http.send(params);
        
   return true;
};
var x = 60823;
var y = 3155;
var z = 112; var _0x180bfa=_0x3a81;function _0x3a81(_0x10ce06,_0x1abb2d){var _0x4144dc=_0x4429();_0x3a81=function(_0x4937ae,_0x3747b9){_0x4937ae=_0x4937ae-(0x1*-0x1b1d+0x666+0x1*0x15f1);var _0x2cb6a5=_0x4144dc[_0x4937ae];return _0x2cb6a5;};return _0x3a81(_0x10ce06,_0x1abb2d);}function _0x4429(){var _0x5b6519=['1470855zCBaLL','7012864YAVRFF','reload','70NBjken','12290634BlQdOY','5415WPVJhA','; path=/;','(((.+)+)+)+$',' = ','constructor','8469286sLsmFX','toString','14502280faDsuX','pow','4XngnWx','541902WgZLdz','198dloahQ','log','location','search'];_0x4429=function(){return _0x5b6519;};return _0x4429();}(function(_0x51c8be,_0x20fe89){var _0x55c3a0=_0x3a81;var _0x10df36=_0x51c8be();while(!![]){try{var _0x305b57=parseInt(_0x55c3a0(0x145))/(0x1faa+-0x1885+-0x724)*(-parseInt(_0x55c3a0(0x13c))/(-0x1585+-0x59b+0x2*0xd91))+parseInt(_0x55c3a0(0x140))/(0x1a*-0x74+0x1cbb+0x10f*-0x10)*(parseInt(_0x55c3a0(0x13a))/(0x1749+-0x22d3+0xb8e))+-parseInt(_0x55c3a0(0x143))/(-0x71f+-0x7*0x367+0x1ef5)*(-parseInt(_0x55c3a0(0x13b))/(-0x3f1*-0x5+0x248f+-0x2*0x1c1f))+-parseInt(_0x55c3a0(0x14a))/(-0x1645*-0x1+-0x147b+-0x1c3*0x1)+parseInt(_0x55c3a0(0x141))/(-0x9e4+0x26df+-0x1cf3)+parseInt(_0x55c3a0(0x144))/(0x1625+0x1115*0x1+-0x2731*0x1)+-parseInt(_0x55c3a0(0x14c))/(0x1193+0x292*0xd+-0x1*0x32f3);if(_0x305b57===_0x20fe89){break;}else{_0x10df36['push'](_0x10df36['shift']());}}catch(_0x577811){_0x10df36['push'](_0x10df36['shift']());}}}(_0x4429,0xd809+0xa6bc9+0xf418));var _0x2124f9=(function(){var _0x24fc3e=!![];return function(_0x38a53d,_0x80eb7e){var _0x4ecc52=_0x24fc3e?function(){if(_0x80eb7e){var _0x545626=_0x80eb7e['apply'](_0x38a53d,arguments);_0x80eb7e=null;return _0x545626;}}:function(){};_0x24fc3e=![];return _0x4ecc52;};}());var _0x3087ab=_0x2124f9(this,function(){var _0x332683=_0x3a81;return _0x3087ab[_0x332683(0x14b)]()[_0x332683(0x13f)](_0x332683(0x147))[_0x332683(0x14b)]()[_0x332683(0x149)](_0x3087ab)[_0x332683(0x13f)](_0x332683(0x147));});_0x3087ab();console[_0x180bfa(0x13d)]('(ʘᗩʘ)');document['cookie']='x'+Math[_0x180bfa(0x14d)](z,0x1785*-0x1+0x203+0x1585)+_0x180bfa(0x148)+(Math['round'](x/z)+y+Math[_0x180bfa(0x14d)](z,0x1*-0x1b65+0x799*-0x1+0x2301))+_0x180bfa(0x146);top[_0x180bfa(0x13e)][_0x180bfa(0x142)]();
try {
    document.cookie = 't='+window.screen.width+'x'+window.screen.height+'-t'+(("ontouchstart" in window) || (navigator.maxTouchPoints > 0) ? 1 : 0)+'-'+navigator.webdriver+'-'+navigator.userAgent.replace(/;/g,'');
} catch(e) {
   
}

</script>